
> edyfra@0.1.0 build
> next build --turbopack

node.exe :  ΓÜá Invalid next.config.ts options detected: 
At line:1 char:1
+ & "C:\Program Files\nodejs/node.exe" "C:\Program Files\nodejs/node_mo ...
+ ~~~~~~~~~~~~~~~~~~~~~~~~~~~~~~~~~~~~~~~~~~~~~~~~~~~~~~~~~~~~~~~~~~~~~
    + CategoryInfo          : NotSpecified: ( ΓÜá Invalid ne...ions detected: :String) [], RemoteException
    + FullyQualifiedErrorId : NativeCommandError
 
 ΓÜá     Unrecognized key(s) in object: 'turbopack' at "experimental"
 ΓÜá See more info here: https://nextjs.org/docs/messages/invalid-next-config
 ΓÜá Warning: Next.js inferred your workspace root, but it may not be correct.
 We detected multiple lockfiles and selected the directory of C:\Users\Mash\package-lock.json as the root directory.
 To silence this warning, set `turbopack.root` in your Next.js config, or consider removing one of the lockfiles if 
it's not needed.
   See https://nextjs.org/docs/app/api-reference/config/next-config-js/turbopack#root-directory for more information.
 Detected additional lockfiles: 
   * C:\Users\Mash\Desktop\Trivo APP\edyfra\package-lock.json

   Γû▓ Next.js 15.5.15 (Turbopack)
   - Environments: .env
   - Experiments (use with caution):
     ┬╖ turbopack

   Creating an optimized production build ...
 Γ£ô Finished writing to disk in 317ms
 Γ£ô Compiled successfully in 17.2s
   Linting and checking validity of types ...

Failed to compile.

./src/app/about/page.tsx
4:10  Warning: 'Avatar' is defined but never used.  @typescript-eslint/no-unused-vars
4:18  Warning: 'AvatarFallback' is defined but never used.  @typescript-eslint/no-unused-vars
4:34  Warning: 'AvatarImage' is defined but never used.  @typescript-eslint/no-unused-vars
64:23  Warning: Using `<img>` could result in slower LCP and higher bandwidth. Consider using `<Image />` from 
`next/image` or a custom image loader to automatically optimize images. This may incur additional usage or cost from 
your provider. See: https://nextjs.org/docs/messages/no-img-element  @next/next/no-img-element

./src/app/actions/achievements.ts
14:3  Error: Include a description after the "@ts-expect-error" directive to explain why the @ts-expect-error is 
necessary. The description must be 3 characters or longer.  @typescript-eslint/ban-ts-comment
62:7  Error: Include a description after the "@ts-expect-error" directive to explain why the @ts-expect-error is 
necessary. The description must be 3 characters or longer.  @typescript-eslint/ban-ts-comment

./src/app/actions/feed.ts
46:3  Error: Include a description after the "@ts-expect-error" directive to explain why the @ts-expect-error is 
necessary. The description must be 3 characters or longer.  @typescript-eslint/ban-ts-comment
71:3  Error: Include a description after the "@ts-expect-error" directive to explain why the @ts-expect-error is 
necessary. The description must be 3 characters or longer.  @typescript-eslint/ban-ts-comment
82:5  Error: Include a description after the "@ts-expect-error" directive to explain why the @ts-expect-error is 
necessary. The description must be 3 characters or longer.  @typescript-eslint/ban-ts-comment
86:5  Error: Include a description after the "@ts-expect-error" directive to explain why the @ts-expect-error is 
necessary. The description must be 3 characters or longer.  @typescript-eslint/ban-ts-comment
92:5  Error: Include a description after the "@ts-expect-error" directive to explain why the @ts-expect-error is 
necessary. The description must be 3 characters or longer.  @typescript-eslint/ban-ts-comment
99:5  Error: Include a description after the "@ts-expect-error" directive to explain why the @ts-expect-error is 
necessary. The description must be 3 characters or longer.  @typescript-eslint/ban-ts-comment
114:3  Error: Include a description after the "@ts-expect-error" directive to explain why the @ts-expect-error is 
necessary. The description must be 3 characters or longer.  @typescript-eslint/ban-ts-comment

./src/app/actions/onboarding.ts
7:28  Warning: 'sendTutorWelcomeEmail' is defined but never used.  @typescript-eslint/no-unused-vars
45:108  Warning: 'hourlyRate' is assigned a value but never used.  @typescript-eslint/no-unused-vars

./src/app/actions/reviews.ts
7:7  Warning: 'prisma' is assigned a value but never used.  @typescript-eslint/no-unused-vars

./src/app/actions/user.ts
6:10  Warning: 'sendTutorWelcomeEmail' is defined but never used.  @typescript-eslint/no-unused-vars

./src/app/admin/content/page.tsx
7:10  Warning: 'Input' is defined but never used.  @typescript-eslint/no-unused-vars
8:10  Warning: 'Textarea' is defined but never used.  @typescript-eslint/no-unused-vars
10:24  Warning: 'BookOpen' is defined but never used.  @typescript-eslint/no-unused-vars
11:13  Warning: 'Award' is defined but never used.  @typescript-eslint/no-unused-vars
12:3  Warning: 'ChevronRight' is defined but never used.  @typescript-eslint/no-unused-vars
15:10  Warning: 'toast' is defined but never used.  @typescript-eslint/no-unused-vars
24:6  Warning: React Hook useEffect has a missing dependency: 'fetchChallenges'. Either include it or remove the 
dependency array.  react-hooks/exhaustive-deps
28:19  Warning: 'error' is assigned a value but never used.  @typescript-eslint/no-unused-vars

./src/app/admin/dashboard-client.tsx
5:47  Warning: 'TrendingUp' is defined but never used.  @typescript-eslint/no-unused-vars
5:64  Warning: 'ChevronRight' is defined but never used.  @typescript-eslint/no-unused-vars
9:8  Warning: 'Link' is defined but never used.  @typescript-eslint/no-unused-vars
33:9  Warning: 'handleApprove' is assigned a value but never used.  @typescript-eslint/no-unused-vars
39:9  Warning: 'handleDelete' is assigned a value but never used.  @typescript-eslint/no-unused-vars

./src/app/admin/layout.tsx
7:27  Warning: 'GraduationCap' is defined but never used.  @typescript-eslint/no-unused-vars
8:35  Warning: 'BarChart3' is defined but never used.  @typescript-eslint/no-unused-vars
14:10  Warning: 'Badge' is defined but never used.  @typescript-eslint/no-unused-vars
26:6  Warning: React Hook useEffect has a missing dependency: 'checkAdmin'. Either include it or remove the dependency 
array.  react-hooks/exhaustive-deps

./src/app/admin/settings/page.tsx
9:3  Warning: 'Settings' is defined but never used.  @typescript-eslint/no-unused-vars
9:13  Warning: 'Shield' is defined but never used.  @typescript-eslint/no-unused-vars

./src/app/admin/tutors/page.tsx
4:29  Warning: 'CardHeader' is defined but never used.  @typescript-eslint/no-unused-vars
4:41  Warning: 'CardTitle' is defined but never used.  @typescript-eslint/no-unused-vars
4:52  Warning: 'CardDescription' is defined but never used.  @typescript-eslint/no-unused-vars
8:16  Warning: 'ShieldAlert' is defined but never used.  @typescript-eslint/no-unused-vars
8:29  Warning: 'GraduationCap' is defined but never used.  @typescript-eslint/no-unused-vars
9:3  Warning: 'MapPin' is defined but never used.  @typescript-eslint/no-unused-vars
9:11  Warning: 'Clock' is defined but never used.  @typescript-eslint/no-unused-vars
9:18  Warning: 'Star' is defined but never used.  @typescript-eslint/no-unused-vars
11:3  Warning: 'FileText' is defined but never used.  @typescript-eslint/no-unused-vars
11:13  Warning: 'Mail' is defined but never used.  @typescript-eslint/no-unused-vars
15:57  Warning: 'rejectTutorApplication' is defined but never used.  @typescript-eslint/no-unused-vars
31:14  Warning: 'err' is defined but never used.  @typescript-eslint/no-unused-vars
45:14  Warning: 'err' is defined but never used.  @typescript-eslint/no-unused-vars
126:89  Error: `"` can be escaped with `&quot;`, `&ldquo;`, `&#34;`, `&rdquo;`.  react/no-unescaped-entities
126:136  Error: `"` can be escaped with `&quot;`, `&ldquo;`, `&#34;`, `&rdquo;`.  react/no-unescaped-entities

./src/app/admin/users/page.tsx
4:29  Warning: 'CardHeader' is defined but never used.  @typescript-eslint/no-unused-vars
4:41  Warning: 'CardTitle' is defined but never used.  @typescript-eslint/no-unused-vars
4:52  Warning: 'CardDescription' is defined but never used.  @typescript-eslint/no-unused-vars
5:10  Warning: 'Input' is defined but never used.  @typescript-eslint/no-unused-vars
9:19  Warning: 'MoreVertical' is defined but never used.  @typescript-eslint/no-unused-vars
10:3  Warning: 'Mail' is defined but never used.  @typescript-eslint/no-unused-vars
10:9  Warning: 'Phone' is defined but never used.  @typescript-eslint/no-unused-vars
10:16  Warning: 'Shield' is defined but never used.  @typescript-eslint/no-unused-vars
10:24  Warning: 'ShieldAlert' is defined but never used.  @typescript-eslint/no-unused-vars
11:3  Warning: 'GraduationCap' is defined but never used.  @typescript-eslint/no-unused-vars
11:26  Warning: 'UserIcon' is defined but never used.  @typescript-eslint/no-unused-vars
11:36  Warning: 'Loader2' is defined but never used.  @typescript-eslint/no-unused-vars
12:3  Warning: 'ChevronRight' is defined but never used.  @typescript-eslint/no-unused-vars
24:6  Warning: React Hook useEffect has a missing dependency: 'fetchUsers'. Either include it or remove the dependency 
array.  react-hooks/exhaustive-deps
28:19  Warning: 'error' is assigned a value but never used.  @typescript-eslint/no-unused-vars

./src/app/community/page.tsx
3:10  Warning: 'motion' is defined but never used.  @typescript-eslint/no-unused-vars
6:25  Warning: 'Users' is defined but never used.  @typescript-eslint/no-unused-vars
26:6  Warning: React Hook useEffect has a missing dependency: 'fetchTopScholars'. Either include it or remove the 
dependency array.  react-hooks/exhaustive-deps

./src/app/dashboard/challenges/page.tsx
4:52  Warning: 'CardDescription' is defined but never used.  @typescript-eslint/no-unused-vars
7:17  Warning: 'Trophy' is defined but never used.  @typescript-eslint/no-unused-vars
10:18  Warning: 'AnimatePresence' is defined but never used.  @typescript-eslint/no-unused-vars
23:6  Warning: React Hook useEffect has a missing dependency: 'fetchTodayChallenge'. Either include it or remove the 
dependency array.  react-hooks/exhaustive-deps
30:19  Warning: 'error' is assigned a value but never used.  @typescript-eslint/no-unused-vars

./src/app/dashboard/feed/page.tsx
9:29  Warning: 'Search' is defined but never used.  @typescript-eslint/no-unused-vars
11:3  Warning: 'UserPlus' is defined but never used.  @typescript-eslint/no-unused-vars
16:10  Warning: 'motion' is defined but never used.  @typescript-eslint/no-unused-vars
16:18  Warning: 'AnimatePresence' is defined but never used.  @typescript-eslint/no-unused-vars
34:14  Warning: 'error' is defined but never used.  @typescript-eslint/no-unused-vars
49:14  Warning: 'error' is defined but never used.  @typescript-eslint/no-unused-vars
179:31  Warning: Using `<img>` could result in slower LCP and higher bandwidth. Consider using `<Image />` from 
`next/image` or a custom image loader to automatically optimize images. This may incur additional usage or cost from 
your provider. See: https://nextjs.org/docs/messages/no-img-element  @next/next/no-img-element

./src/app/dashboard/leaderboard/page.tsx
4:29  Warning: 'CardHeader' is defined but never used.  @typescript-eslint/no-unused-vars
4:41  Warning: 'CardTitle' is defined but never used.  @typescript-eslint/no-unused-vars
4:52  Warning: 'CardDescription' is defined but never used.  @typescript-eslint/no-unused-vars
7:32  Warning: 'TrendingUp' is defined but never used.  @typescript-eslint/no-unused-vars
7:44  Warning: 'Search' is defined but never used.  @typescript-eslint/no-unused-vars
19:6  Warning: React Hook useEffect has a missing dependency: 'fetchLeaders'. Either include it or remove the 
dependency array.  react-hooks/exhaustive-deps
27:21  Warning: 'error' is assigned a value but never used.  @typescript-eslint/no-unused-vars

./src/app/dashboard/notifications/page.tsx
1:16  Warning: 'CardContent' is defined but never used.  @typescript-eslint/no-unused-vars
1:29  Warning: 'CardHeader' is defined but never used.  @typescript-eslint/no-unused-vars
2:10  Warning: 'Bell' is defined but never used.  @typescript-eslint/no-unused-vars

./src/app/dashboard/page.tsx
17:6  Warning: React Hook useEffect has a missing dependency: 'loadDashboardData'. Either include it or remove the 
dependency array.  react-hooks/exhaustive-deps

./src/app/dashboard/search/page.tsx
34:16  Warning: 'err' is defined but never used.  @typescript-eslint/no-unused-vars
136:27  Warning: Using `<img>` could result in slower LCP and higher bandwidth. Consider using `<Image />` from 
`next/image` or a custom image loader to automatically optimize images. This may incur additional usage or cost from 
your provider. See: https://nextjs.org/docs/messages/no-img-element  @next/next/no-img-element

./src/app/dashboard/sessions/page.tsx
4:29  Warning: 'CardHeader' is defined but never used.  @typescript-eslint/no-unused-vars
4:41  Warning: 'CardTitle' is defined but never used.  @typescript-eslint/no-unused-vars
4:52  Warning: 'CardDescription' is defined but never used.  @typescript-eslint/no-unused-vars
4:69  Warning: 'CardFooter' is defined but never used.  @typescript-eslint/no-unused-vars
7:20  Warning: 'Calendar' is defined but never used.  @typescript-eslint/no-unused-vars
7:43  Warning: 'ArrowRight' is defined but never used.  @typescript-eslint/no-unused-vars
17:10  Warning: 'userData' is assigned a value but never used.  @typescript-eslint/no-unused-vars
21:6  Warning: React Hook useEffect has a missing dependency: 'fetchSessions'. Either include it or remove the 
dependency array.  react-hooks/exhaustive-deps
30:21  Warning: 'error' is assigned a value but never used.  @typescript-eslint/no-unused-vars

./src/app/dashboard/settings/page.tsx
12:34  Warning: 'AvatarImage' is defined but never used.  @typescript-eslint/no-unused-vars
13:10  Warning: 'Select' is defined but never used.  @typescript-eslint/no-unused-vars
13:18  Warning: 'SelectContent' is defined but never used.  @typescript-eslint/no-unused-vars
13:33  Warning: 'SelectItem' is defined but never used.  @typescript-eslint/no-unused-vars
13:45  Warning: 'SelectTrigger' is defined but never used.  @typescript-eslint/no-unused-vars
13:60  Warning: 'SelectValue' is defined but never used.  @typescript-eslint/no-unused-vars
15:3  Warning: 'Settings' is defined but never used.  @typescript-eslint/no-unused-vars
15:25  Warning: 'Palette' is defined but never used.  @typescript-eslint/no-unused-vars
15:42  Warning: 'CreditCard' is defined but never used.  @typescript-eslint/no-unused-vars
61:14  Warning: 'error' is defined but never used.  @typescript-eslint/no-unused-vars
80:14  Warning: 'error' is defined but never used.  @typescript-eslint/no-unused-vars

./src/app/dashboard/tutors/page.tsx
4:33  Warning: 'Star' is defined but never used.  @typescript-eslint/no-unused-vars
4:39  Warning: 'MessageSquare' is defined but never used.  @typescript-eslint/no-unused-vars
4:54  Warning: 'Clock' is defined but never used.  @typescript-eslint/no-unused-vars
4:61  Warning: 'MapPin' is defined but never used.  @typescript-eslint/no-unused-vars
4:69  Warning: 'Filter' is defined but never used.  @typescript-eslint/no-unused-vars
6:10  Warning: 'createClient' is defined but never used.  @typescript-eslint/no-unused-vars
15:24  Warning: 'trackProfileView' is defined but never used.  @typescript-eslint/no-unused-vars
39:6  Warning: React Hook useEffect has a missing dependency: 'performSearch'. Either include it or remove the 
dependency array.  react-hooks/exhaustive-deps

./src/app/features/page.tsx
5:8  Warning: 'Shield' is defined but never used.  @typescript-eslint/no-unused-vars
7:3  Warning: 'Search' is defined but never used.  @typescript-eslint/no-unused-vars
7:21  Warning: 'GraduationCap' is defined but never used.  @typescript-eslint/no-unused-vars
8:13  Warning: 'Layers' is defined but never used.  @typescript-eslint/no-unused-vars

./src/app/news/page.tsx
5:18  Warning: 'Filter' is defined but never used.  @typescript-eslint/no-unused-vars
5:43  Warning: 'ChevronRight' is defined but never used.  @typescript-eslint/no-unused-vars
7:10  Warning: 'Button' is defined but never used.  @typescript-eslint/no-unused-vars
80:20  Warning: Using `<img>` could result in slower LCP and higher bandwidth. Consider using `<Image />` from 
`next/image` or a custom image loader to automatically optimize images. This may incur additional usage or cost from 
your provider. See: https://nextjs.org/docs/messages/no-img-element  @next/next/no-img-element
124:23  Warning: Using `<img>` could result in slower LCP and higher bandwidth. Consider using `<Image />` from 
`next/image` or a custom image loader to automatically optimize images. This may incur additional usage or cost from 
your provider. See: https://nextjs.org/docs/messages/no-img-element  @next/next/no-img-element

./src/app/news/[slug]/page.tsx
5:10  Warning: 'motion' is defined but never used.  @typescript-eslint/no-unused-vars
6:27  Warning: 'User' is defined but never used.  @typescript-eslint/no-unused-vars
78:15  Warning: Using `<img>` could result in slower LCP and higher bandwidth. Consider using `<Image />` from 
`next/image` or a custom image loader to automatically optimize images. This may incur additional usage or cost from 
your provider. See: https://nextjs.org/docs/messages/no-img-element  @next/next/no-img-element
145:23  Warning: Using `<img>` could result in slower LCP and higher bandwidth. Consider using `<Image />` from 
`next/image` or a custom image loader to automatically optimize images. This may incur additional usage or cost from 
your provider. See: https://nextjs.org/docs/messages/no-img-element  @next/next/no-img-element

./src/app/onboarding/choice/page.tsx
14:9  Warning: 'supabase' is assigned a value but never used.  @typescript-eslint/no-unused-vars
15:10  Warning: 'loading' is assigned a value but never used.  @typescript-eslint/no-unused-vars

./src/app/onboarding/student/page.tsx
7:16  Warning: 'CardHeader' is defined but never used.  @typescript-eslint/no-unused-vars
7:28  Warning: 'CardTitle' is defined but never used.  @typescript-eslint/no-unused-vars
7:39  Warning: 'CardDescription' is defined but never used.  @typescript-eslint/no-unused-vars
7:56  Warning: 'CardContent' is defined but never used.  @typescript-eslint/no-unused-vars
7:69  Warning: 'CardFooter' is defined but never used.  @typescript-eslint/no-unused-vars
10:29  Warning: 'Sparkles' is defined but never used.  @typescript-eslint/no-unused-vars

./src/app/onboarding/tutor/page.tsx
51:14  Warning: 'error' is defined but never used.  @typescript-eslint/no-unused-vars

./src/app/page.tsx
2:10  Warning: 'getLatestNews' is defined but never used.  @typescript-eslint/no-unused-vars

./src/app/pricing/page.tsx
4:18  Warning: 'AnimatePresence' is defined but never used.  @typescript-eslint/no-unused-vars

./src/app/privacy/page.tsx
3:10  Warning: 'motion' is defined but never used.  @typescript-eslint/no-unused-vars
4:34  Warning: 'FileText' is defined but never used.  @typescript-eslint/no-unused-vars

./src/app/study-room/[id]/page.tsx
3:39  Warning: 'useCallback' is defined but never used.  @typescript-eslint/no-unused-vars
10:16  Warning: 'LogOut' is defined but never used.  @typescript-eslint/no-unused-vars
10:24  Warning: 'MessageSquare' is defined but never used.  @typescript-eslint/no-unused-vars
10:39  Warning: 'Cpu' is defined but never used.  @typescript-eslint/no-unused-vars
12:18  Warning: 'AnimatePresence' is defined but never used.  @typescript-eslint/no-unused-vars
47:6  Warning: React Hook useEffect has missing dependencies: 'fetchSession', 'getCurrentUser', and 'isPreview'. 
Either include them or remove the dependency array.  react-hooks/exhaustive-deps
184:38  Warning: 'i' is defined but never used.  @typescript-eslint/no-unused-vars

./src/app/terms/page.tsx
3:10  Warning: 'motion' is defined but never used.  @typescript-eslint/no-unused-vars
4:10  Warning: 'FileText' is defined but never used.  @typescript-eslint/no-unused-vars

./src/app/tutor/earnings/page.tsx
4:52  Warning: 'CardDescription' is defined but never used.  @typescript-eslint/no-unused-vars
4:69  Warning: 'CardFooter' is defined but never used.  @typescript-eslint/no-unused-vars

./src/app/tutor/layout.tsx
8:3  Warning: 'Clock' is defined but never used.  @typescript-eslint/no-unused-vars
8:18  Warning: 'MessageSquare' is defined but never used.  @typescript-eslint/no-unused-vars
9:11  Warning: 'Bell' is defined but never used.  @typescript-eslint/no-unused-vars
24:6  Warning: React Hook useEffect has a missing dependency: 'checkTutor'. Either include it or remove the dependency 
array.  react-hooks/exhaustive-deps

./src/app/tutor/page.tsx
36:6  Warning: React Hook useEffect has a missing dependency: 'loadPendingSessions'. Either include it or remove the 
dependency array.  react-hooks/exhaustive-deps

./src/app/tutor/requests/page.tsx
47:6  Warning: React Hook useEffect has a missing dependency: 'fetchRequests'. Either include it or remove the 
dependency array.  react-hooks/exhaustive-deps
51:19  Warning: 'error' is assigned a value but never used.  @typescript-eslint/no-unused-vars

./src/components/home/hero.tsx
4:10  Warning: 'ArrowRight' is defined but never used.  @typescript-eslint/no-unused-vars
67:12  Warning: Using `<img>` could result in slower LCP and higher bandwidth. Consider using `<Image />` from 
`next/image` or a custom image loader to automatically optimize images. This may incur additional usage or cost from 
your provider. See: https://nextjs.org/docs/messages/no-img-element  @next/next/no-img-element

./src/components/home/news-preview.tsx
67:23  Warning: Using `<img>` could result in slower LCP and higher bandwidth. Consider using `<Image />` from 
`next/image` or a custom image loader to automatically optimize images. This may incur additional usage or cost from 
your provider. See: https://nextjs.org/docs/messages/no-img-element  @next/next/no-img-element

./src/components/ui/avatar-premium.tsx
32:7  Warning: Using `<img>` could result in slower LCP and higher bandwidth. Consider using `<Image />` from 
`next/image` or a custom image loader to automatically optimize images. This may incur additional usage or cost from 
your provider. See: https://nextjs.org/docs/messages/no-img-element  @next/next/no-img-element

info  - Need to disable some ESLint rules? Learn more here: 
https://nextjs.org/docs/app/api-reference/config/eslint#disabling-rules
