
> edyfra@0.1.0 build
> next build --webpack

node.exe : Warning: Custom Cache-Control headers detected for the following routes:
At line:1 char:1
+ & "C:\Program Files\nodejs/node.exe" "C:\Program Files\nodejs/node_mo ...
+ ~~~~~~~~~~~~~~~~~~~~~~~~~~~~~~~~~~~~~~~~~~~~~~~~~~~~~~~~~~~~~~~~~~~~~
    + CategoryInfo          : NotSpecified: (Warning: Custom...llowing routes::String) [], RemoteException
    + FullyQualifiedErrorId : NativeCommandError
 
  - /_next/static/:path*

Setting a custom Cache-Control header can break Next.js development behavior.
Γû▓ Next.js 16.2.10 (webpack)
- Experiments (use with caution):
  ┬╖ optimizePackageImports

ΓÜá The "middleware" file convention is deprecated. Please use "proxy" instead. Learn more: 
https://nextjs.org/docs/messages/middleware-to-proxy
  Creating an optimized production build ...
Γ£ô Compiled successfully in 58s
  Running TypeScript ...
Failed to type check.

./src/app/admin/announcements/page.tsx:30:7
Type error: Cannot find name 'toast'.

  [90m28 |[0m       setAnnouncements(data);
  [90m29 |[0m     } [36mcatch[0m {
[31m[1m>[0m [90m30 |[0m       toast.error([32m"Failed to load announcements"[0m);
  [90m   |[0m       [31m[1m^[0m
  [90m31 |[0m     }
  [90m32 |[0m     setLoading([36mfalse[0m);
  [90m33 |[0m   };
Next.js build worker exited with code: 1 and signal: null
